###############################################################################
#
# IAR ELF Linker V8.50.1.245/W32 for ARM                  01/Dec/2020  14:13:25
# Copyright 2007-2020 IAR Systems AB.
#
#    Output file  =
#        C:\Users\100001305\Documents\GitHub\gmi_us\motor_drive\gmi_motor_drive\EWARM\gmi_motor_drive\Exe\gmi_motor_drive.out
#    Map file     =
#        C:\Users\100001305\Documents\GitHub\gmi_us\motor_drive\gmi_motor_drive\EWARM\gmi_motor_drive\List\gmi_motor_drive.map
#    Command line =
#        -f C:\Users\100001~1\AppData\Local\Temp\EW7821.tmp
#        (C:\Users\100001305\Documents\GitHub\gmi_us\motor_drive\gmi_motor_drive\EWARM\gmi_motor_drive\Obj\bus_voltage_sensor.o
#        C:\Users\100001305\Documents\GitHub\gmi_us\motor_drive\gmi_motor_drive\EWARM\gmi_motor_drive\Obj\circle_limitation.o
#        C:\Users\100001305\Documents\GitHub\gmi_us\motor_drive\gmi_motor_drive\EWARM\gmi_motor_drive\Obj\dac_common_ui.o
#        C:\Users\100001305\Documents\GitHub\gmi_us\motor_drive\gmi_motor_drive\EWARM\gmi_motor_drive\Obj\dac_ui.o
#        C:\Users\100001305\Documents\GitHub\gmi_us\motor_drive\gmi_motor_drive\EWARM\gmi_motor_drive\Obj\digital_output.o
#        C:\Users\100001305\Documents\GitHub\gmi_us\motor_drive\gmi_motor_drive\EWARM\gmi_motor_drive\Obj\frame_communication_protocol.o
#        C:\Users\100001305\Documents\GitHub\gmi_us\motor_drive\gmi_motor_drive\EWARM\gmi_motor_drive\Obj\inrush_current_limiter.o
#        C:\Users\100001305\Documents\GitHub\gmi_us\motor_drive\gmi_motor_drive\EWARM\gmi_motor_drive\Obj\main.o
#        C:\Users\100001305\Documents\GitHub\gmi_us\motor_drive\gmi_motor_drive\EWARM\gmi_motor_drive\Obj\mc_api.o
#        C:\Users\100001305\Documents\GitHub\gmi_us\motor_drive\gmi_motor_drive\EWARM\gmi_motor_drive\Obj\mc_config.o
#        C:\Users\100001305\Documents\GitHub\gmi_us\motor_drive\gmi_motor_drive\EWARM\gmi_motor_drive\Obj\mc_interface.o
#        C:\Users\100001305\Documents\GitHub\gmi_us\motor_drive\gmi_motor_drive\EWARM\gmi_motor_drive\Obj\mc_math.o
#        C:\Users\100001305\Documents\GitHub\gmi_us\motor_drive\gmi_motor_drive\EWARM\gmi_motor_drive\Obj\mc_parameters.o
#        C:\Users\100001305\Documents\GitHub\gmi_us\motor_drive\gmi_motor_drive\EWARM\gmi_motor_drive\Obj\mc_tasks.o
#        C:\Users\100001305\Documents\GitHub\gmi_us\motor_drive\gmi_motor_drive\EWARM\gmi_motor_drive\Obj\motor_control_protocol.o
#        C:\Users\100001305\Documents\GitHub\gmi_us\motor_drive\gmi_motor_drive\EWARM\gmi_motor_drive\Obj\motor_power_measurement.o
#        C:\Users\100001305\Documents\GitHub\gmi_us\motor_drive\gmi_motor_drive\EWARM\gmi_motor_drive\Obj\motorcontrol.o
#        C:\Users\100001305\Documents\GitHub\gmi_us\motor_drive\gmi_motor_drive\EWARM\gmi_motor_drive\Obj\ntc_temperature_sensor.o
#        C:\Users\100001305\Documents\GitHub\gmi_us\motor_drive\gmi_motor_drive\EWARM\gmi_motor_drive\Obj\open_loop.o
#        C:\Users\100001305\Documents\GitHub\gmi_us\motor_drive\gmi_motor_drive\EWARM\gmi_motor_drive\Obj\pid_regulator.o
#        C:\Users\100001305\Documents\GitHub\gmi_us\motor_drive\gmi_motor_drive\EWARM\gmi_motor_drive\Obj\pqd_motor_power_measurement.o
#        C:\Users\100001305\Documents\GitHub\gmi_us\motor_drive\gmi_motor_drive\EWARM\gmi_motor_drive\Obj\pwm_common.o
#        C:\Users\100001305\Documents\GitHub\gmi_us\motor_drive\gmi_motor_drive\EWARM\gmi_motor_drive\Obj\pwm_curr_fdbk.o
#        C:\Users\100001305\Documents\GitHub\gmi_us\motor_drive\gmi_motor_drive\EWARM\gmi_motor_drive\Obj\r3_1_f30x_pwm_curr_fdbk.o
#        C:\Users\100001305\Documents\GitHub\gmi_us\motor_drive\gmi_motor_drive\EWARM\gmi_motor_drive\Obj\r_divider_bus_voltage_sensor.o
#        C:\Users\100001305\Documents\GitHub\gmi_us\motor_drive\gmi_motor_drive\EWARM\gmi_motor_drive\Obj\ramp_ext_mngr.o
#        C:\Users\100001305\Documents\GitHub\gmi_us\motor_drive\gmi_motor_drive\EWARM\gmi_motor_drive\Obj\regular_conversion_manager.o
#        C:\Users\100001305\Documents\GitHub\gmi_us\motor_drive\gmi_motor_drive\EWARM\gmi_motor_drive\Obj\revup_ctrl.o
#        C:\Users\100001305\Documents\GitHub\gmi_us\motor_drive\gmi_motor_drive\EWARM\gmi_motor_drive\Obj\speed_pos_fdbk.o
#        C:\Users\100001305\Documents\GitHub\gmi_us\motor_drive\gmi_motor_drive\EWARM\gmi_motor_drive\Obj\speed_torq_ctrl.o
#        C:\Users\100001305\Documents\GitHub\gmi_us\motor_drive\gmi_motor_drive\EWARM\gmi_motor_drive\Obj\startup_stm32f302x8.o
#        C:\Users\100001305\Documents\GitHub\gmi_us\motor_drive\gmi_motor_drive\EWARM\gmi_motor_drive\Obj\state_machine.o
#        C:\Users\100001305\Documents\GitHub\gmi_us\motor_drive\gmi_motor_drive\EWARM\gmi_motor_drive\Obj\stm32f30x_mc_it.o
#        C:\Users\100001305\Documents\GitHub\gmi_us\motor_drive\gmi_motor_drive\EWARM\gmi_motor_drive\Obj\stm32f3xx_hal.o
#        C:\Users\100001305\Documents\GitHub\gmi_us\motor_drive\gmi_motor_drive\EWARM\gmi_motor_drive\Obj\stm32f3xx_hal_cortex.o
#        C:\Users\100001305\Documents\GitHub\gmi_us\motor_drive\gmi_motor_drive\EWARM\gmi_motor_drive\Obj\stm32f3xx_hal_dma.o
#        C:\Users\100001305\Documents\GitHub\gmi_us\motor_drive\gmi_motor_drive\EWARM\gmi_motor_drive\Obj\stm32f3xx_hal_exti.o
#        C:\Users\100001305\Documents\GitHub\gmi_us\motor_drive\gmi_motor_drive\EWARM\gmi_motor_drive\Obj\stm32f3xx_hal_flash.o
#        C:\Users\100001305\Documents\GitHub\gmi_us\motor_drive\gmi_motor_drive\EWARM\gmi_motor_drive\Obj\stm32f3xx_hal_flash_ex.o
#        C:\Users\100001305\Documents\GitHub\gmi_us\motor_drive\gmi_motor_drive\EWARM\gmi_motor_drive\Obj\stm32f3xx_hal_gpio.o
#        C:\Users\100001305\Documents\GitHub\gmi_us\motor_drive\gmi_motor_drive\EWARM\gmi_motor_drive\Obj\stm32f3xx_hal_i2c.o
#        C:\Users\100001305\Documents\GitHub\gmi_us\motor_drive\gmi_motor_drive\EWARM\gmi_motor_drive\Obj\stm32f3xx_hal_i2c_ex.o
#        C:\Users\100001305\Documents\GitHub\gmi_us\motor_drive\gmi_motor_drive\EWARM\gmi_motor_drive\Obj\stm32f3xx_hal_msp.o
#        C:\Users\100001305\Documents\GitHub\gmi_us\motor_drive\gmi_motor_drive\EWARM\gmi_motor_drive\Obj\stm32f3xx_hal_pwr.o
#        C:\Users\100001305\Documents\GitHub\gmi_us\motor_drive\gmi_motor_drive\EWARM\gmi_motor_drive\Obj\stm32f3xx_hal_pwr_ex.o
#        C:\Users\100001305\Documents\GitHub\gmi_us\motor_drive\gmi_motor_drive\EWARM\gmi_motor_drive\Obj\stm32f3xx_hal_rcc.o
#        C:\Users\100001305\Documents\GitHub\gmi_us\motor_drive\gmi_motor_drive\EWARM\gmi_motor_drive\Obj\stm32f3xx_hal_rcc_ex.o
#        C:\Users\100001305\Documents\GitHub\gmi_us\motor_drive\gmi_motor_drive\EWARM\gmi_motor_drive\Obj\stm32f3xx_hal_tim.o
#        C:\Users\100001305\Documents\GitHub\gmi_us\motor_drive\gmi_motor_drive\EWARM\gmi_motor_drive\Obj\stm32f3xx_hal_tim_ex.o
#        C:\Users\100001305\Documents\GitHub\gmi_us\motor_drive\gmi_motor_drive\EWARM\gmi_motor_drive\Obj\stm32f3xx_it.o
#        C:\Users\100001305\Documents\GitHub\gmi_us\motor_drive\gmi_motor_drive\EWARM\gmi_motor_drive\Obj\stm32f3xx_ll_adc.o
#        C:\Users\100001305\Documents\GitHub\gmi_us\motor_drive\gmi_motor_drive\EWARM\gmi_motor_drive\Obj\stm32f3xx_ll_dac.o
#        C:\Users\100001305\Documents\GitHub\gmi_us\motor_drive\gmi_motor_drive\EWARM\gmi_motor_drive\Obj\stm32f3xx_ll_dma.o
#        C:\Users\100001305\Documents\GitHub\gmi_us\motor_drive\gmi_motor_drive\EWARM\gmi_motor_drive\Obj\stm32f3xx_ll_exti.o
#        C:\Users\100001305\Documents\GitHub\gmi_us\motor_drive\gmi_motor_drive\EWARM\gmi_motor_drive\Obj\stm32f3xx_ll_gpio.o
#        C:\Users\100001305\Documents\GitHub\gmi_us\motor_drive\gmi_motor_drive\EWARM\gmi_motor_drive\Obj\stm32f3xx_ll_rcc.o
#        C:\Users\100001305\Documents\GitHub\gmi_us\motor_drive\gmi_motor_drive\EWARM\gmi_motor_drive\Obj\stm32f3xx_ll_tim.o
#        C:\Users\100001305\Documents\GitHub\gmi_us\motor_drive\gmi_motor_drive\EWARM\gmi_motor_drive\Obj\stm32f3xx_ll_usart.o
#        C:\Users\100001305\Documents\GitHub\gmi_us\motor_drive\gmi_motor_drive\EWARM\gmi_motor_drive\Obj\stm32f3xx_ll_utils.o
#        C:\Users\100001305\Documents\GitHub\gmi_us\motor_drive\gmi_motor_drive\EWARM\gmi_motor_drive\Obj\sto_pll_speed_pos_fdbk.o
#        C:\Users\100001305\Documents\GitHub\gmi_us\motor_drive\gmi_motor_drive\EWARM\gmi_motor_drive\Obj\system_stm32f3xx.o
#        C:\Users\100001305\Documents\GitHub\gmi_us\motor_drive\gmi_motor_drive\EWARM\gmi_motor_drive\Obj\ui_irq_handler.o
#        C:\Users\100001305\Documents\GitHub\gmi_us\motor_drive\gmi_motor_drive\EWARM\gmi_motor_drive\Obj\ui_task.o
#        C:\Users\100001305\Documents\GitHub\gmi_us\motor_drive\gmi_motor_drive\EWARM\gmi_motor_drive\Obj\usart_frame_communication_protocol.o
#        C:\Users\100001305\Documents\GitHub\gmi_us\motor_drive\gmi_motor_drive\EWARM\gmi_motor_drive\Obj\user_interface.o
#        C:\Users\100001305\Documents\GitHub\gmi_us\motor_drive\gmi_motor_drive\EWARM\gmi_motor_drive\Obj\virtual_speed_sensor.o
#        --redirect _Printf=_PrintfFull --redirect _Scanf=_ScanfFull
#        --no_out_extension -o
#        C:\Users\100001305\Documents\GitHub\gmi_us\motor_drive\gmi_motor_drive\EWARM\gmi_motor_drive\Exe\gmi_motor_drive.out
#        --map
#        C:\Users\100001305\Documents\GitHub\gmi_us\motor_drive\gmi_motor_drive\EWARM\gmi_motor_drive\List\gmi_motor_drive.map
#        --config
#        C:\Users\100001305\Documents\GitHub\gmi_us\motor_drive\gmi_motor_drive\EWARM/stm32f302x8_flash.icf
#        --semihosting --entry __iar_program_start --vfe --text_out locale)
#
###############################################################################

*******************************************************************************
*** RUNTIME MODEL ATTRIBUTES
***

CppFlavor       = *
__SystemLibrary = DLib
__dlib_version  = 6


*******************************************************************************
*** HEAP SELECTION
***

The basic heap was selected because no calls to memory allocation
functions were found in the application outside of system library
functions, and there are calls to deallocation functions in the
application.


*******************************************************************************
*** PLACEMENT SUMMARY
***

"A0":  place at address 0x800'0000 { ro section .intvec };
"P1":  place in [from 0x800'0000 to 0x800'ffff] { ro };
define block CSTACK with size = 1K, alignment = 8 { };
define block HEAP with size = 512, alignment = 8 { };
"P2":  place in [from 0x2000'0000 to 0x2000'3fff] {
          rw, block CSTACK, block HEAP };
initialize by copy { rw };

  Section            Kind         Address    Size  Object
  -------            ----         -------    ----  ------
"A0":                                       0x188
  .intvec            ro code   0x800'0000   0x188  startup_stm32f302x8.o [1]
                             - 0x800'0188   0x188

"P1":                                      0x5e7c
  .text              ro code   0x800'0188   0x710  main.o [1]
  .text              ro code   0x800'0898    0x28  stm32f3xx_hal.o [1]
  .text              ro code   0x800'08c0    0x14  memset.o [4]
  .text              ro code   0x800'08d4   0x116  stm32f3xx_ll_gpio.o [1]
  .text              ro code   0x800'09ea    0x3a  zero_init3.o [4]
  .text              ro code   0x800'0a24    0xf2  stm32f3xx_ll_adc.o [1]
  .text              ro code   0x800'0b16    0x26  usart_frame_communication_protocol.o [1]
  .text              ro code   0x800'0b3c    0x56  stm32f3xx_ll_dac.o [1]
  .text              ro code   0x800'0b92     0xa  dac_common_ui.o [1]
  .text              ro code   0x800'0b9c   0x3bc  stm32f3xx_ll_tim.o [1]
  .text              ro code   0x800'0f58    0xb8  stm32f3xx_ll_usart.o [1]
  .text              ro code   0x800'1010    0x44  motorcontrol.o [1]
  .text              ro code   0x800'1054     0xc  stm32f3xx_ll_utils.o [1]
  .text              ro code   0x800'1060    0x48  stm32f3xx_hal.o [1]
  .text              ro code   0x800'10a8    0xb2  stm32f3xx_hal_cortex.o [1]
  .text              ro code   0x800'115a     0xa  sto_pll_speed_pos_fdbk.o [1]
  .text              ro code   0x800'1164    0x34  stm32f3xx_hal_msp.o [1]
  .text              ro code   0x800'1198    0x66  ABImemset.o [4]
  .text              ro code   0x800'11fe     0xa  sto_pll_speed_pos_fdbk.o [1]
  .text              ro code   0x800'1208   0x15c  stm32f3xx_ll_rcc.o [1]
  .text              ro code   0x800'1364     0xc  stm32f3xx_hal_rcc.o [1]
  .text              ro code   0x800'1370   0x1f0  mc_tasks.o [1]
  .text              ro code   0x800'1560   0x10c  mc_tasks.o [1]
  .text              ro code   0x800'166c    0xfc  ui_task.o [1]
  .text              ro code   0x800'1768     0xa  state_machine.o [1]
  .rodata            const     0x800'1772     0x6  usart_frame_communication_protocol.o [1]
  .text              ro code   0x800'1778   0x30c  r3_1_f30x_pwm_curr_fdbk.o [1]
  .text              ro code   0x800'1a84    0x64  pwm_common.o [1]
  .text              ro code   0x800'1ae8    0x14  pid_regulator.o [1]
  .text              ro code   0x800'1afc    0xa0  sto_pll_speed_pos_fdbk.o [1]
  .text              ro code   0x800'1b9c    0x24  speed_torq_ctrl.o [1]
  .text              ro code   0x800'1bc0     0x4  virtual_speed_sensor.o [1]
  .text              ro code   0x800'1bc4    0x58  revup_ctrl.o [1]
  .text              ro code   0x800'1c1c    0x1a  r_divider_bus_voltage_sensor.o [1]
  .text              ro code   0x800'1c36    0x26  ntc_temperature_sensor.o [1]
  .text              ro code   0x800'1c5c    0x36  ramp_ext_mngr.o [1]
  .rodata            const     0x800'1c92     0x2  mc_tasks.o [1]
  .text              ro code   0x800'1c94    0x84  mc_tasks.o [1]
  .text              ro code   0x800'1d18    0x16  speed_torq_ctrl.o [1]
  .text              ro code   0x800'1d2e    0x14  mc_interface.o [1]
  .text              ro code   0x800'1d42     0x6  speed_torq_ctrl.o [1]
  .text              ro code   0x800'1d48     0xe  mc_interface.o [1]
  .text              ro code   0x800'1d56    0x26  digital_output.o [1]
  .text              ro code   0x800'1d7c    0x40  inrush_current_limiter.o [1]
  .text              ro code   0x800'1dbc    0xe0  state_machine.o [1]
  .text              ro code   0x800'1e9c    0x1a  user_interface.o [1]
  .text              ro code   0x800'1eb6     0xa  user_interface.o [1]
  .text              ro code   0x800'1ec0    0x28  user_interface.o [1]
  .text              ro code   0x800'1ee8     0x4  usart_frame_communication_protocol.o [1]
  .text              ro code   0x800'1eec    0x48  motor_control_protocol.o [1]
  .text              ro code   0x800'1f34    0xa6  sto_pll_speed_pos_fdbk.o [1]
  .text              ro code   0x800'1fda    0x2e  virtual_speed_sensor.o [1]
  .text              ro code   0x800'2008   0x1ac  regular_conversion_manager.o [1]
  .text              ro code   0x800'21b4    0x60  r_divider_bus_voltage_sensor.o [1]
  .text              ro code   0x800'2214     0x6  ntc_temperature_sensor.o [1]
  .text              ro code   0x800'221a     0x4  pid_regulator.o [1]
  .text              ro code   0x800'221e    0x10  speed_torq_ctrl.o [1]
  .text              ro code   0x800'222e     0x4  pwm_curr_fdbk.o [1]
  .text              ro code   0x800'2232    0x2a  state_machine.o [1]
  .text              ro code   0x800'225c    0x2a  frame_communication_protocol.o [1]
  .text              ro code   0x800'2286    0x16  frame_communication_protocol.o [1]
  .text              ro code   0x800'229c    0x1a  motor_control_protocol.o [1]
  .text              ro code   0x800'22b8   0x65c  r3_1_f30x_pwm_curr_fdbk.o [1]
  .text              ro code   0x800'2914    0xa0  r3_1_f30x_pwm_curr_fdbk.o [1]
  .text              ro code   0x800'29b4    0x42  pwm_common.o [1]
  .text              ro code   0x800'29f6    0x58  r3_1_f30x_pwm_curr_fdbk.o [1]
  .text              ro code   0x800'2a50   0x5c0  motor_control_protocol.o [1]
  .text              ro code   0x800'3010   0x2a4  user_interface.o [1]
  .text              ro code   0x800'32b4   0x570  user_interface.o [1]
  .text              ro code   0x800'3824    0x92  user_interface.o [1]
  .text              ro code   0x800'38b8    0x34  user_interface.o [1]
  .text              ro code   0x800'38ec    0x14  user_interface.o [1]
  .text              ro code   0x800'3900    0x50  user_interface.o [1]
  .text              ro code   0x800'3950    0x3a  user_interface.o [1]
  .text              ro code   0x800'398a    0x1c  user_interface.o [1]
  .text              ro code   0x800'39a6     0x4  user_interface.o [1]
  .text              ro code   0x800'39ac     0x6  ABImemclr.o [4]
  .text              ro code   0x800'39b2    0x16  user_interface.o [1]
  .text              ro code   0x800'39c8     0x8  mc_interface.o [1]
  .text              ro code   0x800'39d0    0x12  mc_interface.o [1]
  .text              ro code   0x800'39e2     0x6  mc_interface.o [1]
  .text              ro code   0x800'39e8     0xe  mc_interface.o [1]
  .text              ro code   0x800'39f6    0x1e  mc_interface.o [1]
  .text              ro code   0x800'3a14     0x4  pid_regulator.o [1]
  .text              ro code   0x800'3a18     0x4  pid_regulator.o [1]
  .text              ro code   0x800'3a1c     0x4  pid_regulator.o [1]
  .text              ro code   0x800'3a20     0xa  sto_pll_speed_pos_fdbk.o [1]
  .text              ro code   0x800'3a2a     0x6  sto_pll_speed_pos_fdbk.o [1]
  .text              ro code   0x800'3a30    0x1e  sto_pll_speed_pos_fdbk.o [1]
  .text              ro code   0x800'3a4e    0x20  sto_pll_speed_pos_fdbk.o [1]
  .text              ro code   0x800'3a6e     0x8  mc_interface.o [1]
  .text              ro code   0x800'3a76     0x6  user_interface.o [1]
  .text              ro code   0x800'3a7c     0xc  state_machine.o [1]
  .text              ro code   0x800'3a88     0x4  state_machine.o [1]
  .text              ro code   0x800'3a8c     0xc  bus_voltage_sensor.o [1]
  .text              ro code   0x800'3a98    0x26  ntc_temperature_sensor.o [1]
  .text              ro code   0x800'3abe    0x14  mc_interface.o [1]
  .text              ro code   0x800'3ad2     0x4  mc_interface.o [1]
  .text              ro code   0x800'3ad6    0x10  mc_interface.o [1]
  .text              ro code   0x800'3ae6     0x4  pid_regulator.o [1]
  .text              ro code   0x800'3aea     0x4  pid_regulator.o [1]
  .text              ro code   0x800'3aee     0x6  pid_regulator.o [1]
  .text              ro code   0x800'3af4     0x6  pid_regulator.o [1]
  .text              ro code   0x800'3afa     0x6  pid_regulator.o [1]
  .text              ro code   0x800'3b00     0x6  speed_pos_fdbk.o [1]
  .text              ro code   0x800'3b06    0x14  speed_pos_fdbk.o [1]
  .text              ro code   0x800'3b1a    0x1c  sto_pll_speed_pos_fdbk.o [1]
  .text              ro code   0x800'3b36    0x18  sto_pll_speed_pos_fdbk.o [1]
  .text              ro code   0x800'3b4e     0x6  sto_pll_speed_pos_fdbk.o [1]
  .text              ro code   0x800'3b54     0x6  sto_pll_speed_pos_fdbk.o [1]
  .text              ro code   0x800'3b5a     0x6  motor_power_measurement.o [1]
  .text              ro code   0x800'3b60     0x4  speed_torq_ctrl.o [1]
  .text              ro code   0x800'3b64     0x6  speed_torq_ctrl.o [1]
  .text              ro code   0x800'3b6a     0xe  mc_interface.o [1]
  .text              ro code   0x800'3b78     0x6  revup_ctrl.o [1]
  .text              ro code   0x800'3b7e     0xe  mc_interface.o [1]
  .text              ro code   0x800'3b8c     0xe  mc_interface.o [1]
  .text              ro code   0x800'3b9a    0x10  mc_interface.o [1]
  .text              ro code   0x800'3baa    0x10  mc_interface.o [1]
  .text              ro code   0x800'3bba     0x6  mc_interface.o [1]
  .text              ro code   0x800'3bc0     0x6  mc_interface.o [1]
  .text              ro code   0x800'3bc6    0x14  mc_interface.o [1]
  .text              ro code   0x800'3bda     0x8  mc_interface.o [1]
  .text              ro code   0x800'3be2     0x6  mc_interface.o [1]
  .text              ro code   0x800'3be8     0x8  mc_interface.o [1]
  .text              ro code   0x800'3bf0    0x10  mc_interface.o [1]
  .text              ro code   0x800'3c00     0xc  revup_ctrl.o [1]
  .text              ro code   0x800'3c0c     0xe  revup_ctrl.o [1]
  .text              ro code   0x800'3c1a     0xe  revup_ctrl.o [1]
  .text              ro code   0x800'3c28     0xc  revup_ctrl.o [1]
  .text              ro code   0x800'3c34     0xc  revup_ctrl.o [1]
  .text              ro code   0x800'3c40     0xc  revup_ctrl.o [1]
  .text              ro code   0x800'3c4c     0xc  speed_torq_ctrl.o [1]
  .text              ro code   0x800'3c58     0x4  speed_torq_ctrl.o [1]
  .text              ro code   0x800'3c5c     0x6  speed_pos_fdbk.o [1]
  .text              ro code   0x800'3c62     0x8  speed_torq_ctrl.o [1]
  .text              ro code   0x800'3c6a    0x16  state_machine.o [1]
  .text              ro code   0x800'3c80   0x274  mc_tasks.o [1]
  .text              ro code   0x800'3ef4    0x64  inrush_current_limiter.o [1]
  .text              ro code   0x800'3f58   0x1c4  sto_pll_speed_pos_fdbk.o [1]
  .text              ro code   0x800'411c    0x78  pqd_motor_power_measurement.o [1]
  .text              ro code   0x800'4194    0x2e  mc_interface.o [1]
  .text              ro code   0x800'41c4    0x8c  revup_ctrl.o [1]
  .text              ro code   0x800'4250    0x56  r3_1_f30x_pwm_curr_fdbk.o [1]
  .text              ro code   0x800'42a8     0xc  mc_tasks.o [1]
  .text              ro code   0x800'42b4    0x14  mc_tasks.o [1]
  .text              ro code   0x800'42c8    0x40  pwm_curr_fdbk.o [1]
  .text              ro code   0x800'4308     0x4  speed_torq_ctrl.o [1]
  .text              ro code   0x800'430c    0x70  revup_ctrl.o [1]
  .text              ro code   0x800'437c    0x58  speed_torq_ctrl.o [1]
  .text              ro code   0x800'43d4    0x86  virtual_speed_sensor.o [1]
  .text              ro code   0x800'445a    0x14  revup_ctrl.o [1]
  .text              ro code   0x800'446e    0xa6  sto_pll_speed_pos_fdbk.o [1]
  .text              ro code   0x800'4514    0x1e  virtual_speed_sensor.o [1]
  .text              ro code   0x800'4534    0x68  mc_math.o [1]
  .text              ro code   0x800'459c    0x84  ramp_ext_mngr.o [1]
  .text              ro code   0x800'4620     0x6  virtual_speed_sensor.o [1]
  .text              ro code   0x800'4626     0x2  mc_tasks.o [1]
  .text              ro code   0x800'4628    0x28  mc_tasks.o [1]
  .text              ro code   0x800'4650    0x10  speed_torq_ctrl.o [1]
  .text              ro code   0x800'4660    0x6a  mc_interface.o [1]
  .text              ro code   0x800'46ca    0x18  motor_power_measurement.o [1]
  .text              ro code   0x800'46e4     0xc  mc_tasks.o [1]
  .text              ro code   0x800'46f0    0x14  mc_tasks.o [1]
  .text              ro code   0x800'4704     0x4  bus_voltage_sensor.o [1]
  .text              ro code   0x800'4708    0x58  speed_pos_fdbk.o [1]
  .text              ro code   0x800'4760    0x5e  motor_power_measurement.o [1]
  .text              ro code   0x800'47be     0x8  speed_torq_ctrl.o [1]
  .text              ro code   0x800'47c6     0xe  virtual_speed_sensor.o [1]
  .text              ro code   0x800'47d4    0x94  speed_torq_ctrl.o [1]
  .text              ro code   0x800'4868    0x88  virtual_speed_sensor.o [1]
  .text              ro code   0x800'48f0    0x80  pid_regulator.o [1]
  .text              ro code   0x800'4970    0xac  mc_math.o [1]
  .text              ro code   0x800'4a1c    0x2a  ramp_ext_mngr.o [1]
  .text              ro code   0x800'4a46     0xc  speed_torq_ctrl.o [1]
  .rodata            const     0x800'4a54   0x200  mc_math.o [1]
  .text              ro code   0x800'4c54   0x1e2  sto_pll_speed_pos_fdbk.o [1]
  .text              ro code   0x800'4e36   0x1a6  pwm_curr_fdbk.o [1]
  .text              ro code   0x800'4fdc   0x14c  stm32f30x_mc_it.o [1]
  .text              ro code   0x800'5128   0x144  mc_tasks.o [1]
  .text              ro code   0x800'526c    0x2c  ui_task.o [1]
  .text              ro code   0x800'5298    0x2e  r3_1_f30x_pwm_curr_fdbk.o [1]
  .text              ro code   0x800'52c6    0x1a  r3_1_f30x_pwm_curr_fdbk.o [1]
  .text              ro code   0x800'52e0    0x34  r3_1_f30x_pwm_curr_fdbk.o [1]
  .text              ro code   0x800'5314    0x50  mc_tasks.o [1]
  .text              ro code   0x800'5364    0xe4  usart_frame_communication_protocol.o [1]
  .text              ro code   0x800'5448     0xc  ui_task.o [1]
  .text              ro code   0x800'5454     0xc  ui_task.o [1]
  .text              ro code   0x800'5460    0x64  usart_frame_communication_protocol.o [1]
  .text              ro code   0x800'54c4    0x18  usart_frame_communication_protocol.o [1]
  .text              ro code   0x800'54dc    0x20  mc_tasks.o [1]
  .text              ro code   0x800'54fc    0x10  stm32f3xx_hal.o [1]
  .text              ro code   0x800'550c    0x28  mc_tasks.o [1]
  .text              ro code   0x800'5534     0xc  ramp_ext_mngr.o [1]
  .text              ro code   0x800'5540     0x6  speed_pos_fdbk.o [1]
  .text              ro code   0x800'5546     0x4  pwm_curr_fdbk.o [1]
  .text              ro code   0x800'554c    0x48  mc_math.o [1]
  .text              ro code   0x800'5594    0x56  circle_limitation.o [1]
  .text              ro code   0x800'55ea    0x3e  mc_math.o [1]
  .text              ro code   0x800'5628     0x4  bus_voltage_sensor.o [1]
  .text              ro code   0x800'562c    0x56  sto_pll_speed_pos_fdbk.o [1]
  .text              ro code   0x800'5682     0x8  sto_pll_speed_pos_fdbk.o [1]
  .text              ro code   0x800'568a    0x94  virtual_speed_sensor.o [1]
  .text              ro code   0x800'571e    0x5c  frame_communication_protocol.o [1]
  .text              ro code   0x800'577c    0x84  usart_frame_communication_protocol.o [1]
  .text              ro code   0x800'5800    0x24  mc_tasks.o [1]
  .text              ro code   0x800'5824    0xa0  mc_tasks.o [1]
  .text              ro code   0x800'58c4    0x3c  ntc_temperature_sensor.o [1]
  .text              ro code   0x800'5900     0x4  pwm_curr_fdbk.o [1]
  .text              ro code   0x800'5904    0xe2  r_divider_bus_voltage_sensor.o [1]
  .text              ro code   0x800'59e6    0x1a  ntc_temperature_sensor.o [1]
  .text              ro code   0x800'5a00    0x1a  r_divider_bus_voltage_sensor.o [1]
  .rodata            const     0x800'5a1c    0x84  mc_parameters.o [1]
  .text              ro code   0x800'5aa0    0x78  lz77_init_single.o [4]
  .text              ro code   0x800'5b18    0x30  dac_ui.o [1]
  .text              ro code   0x800'5b48    0x2c  system_stm32f3xx.o [1]
  .text              ro code   0x800'5b74    0x28  r3_1_f30x_pwm_curr_fdbk.o [1]
  .text              ro code   0x800'5b9c    0x28  data_init.o [4]
  .text              ro code   0x800'5bc4    0x22  fpinit_M.o [3]
  .iar.init_table    const     0x800'5be8    0x20  - Linker created -
  .rodata            const     0x800'5c08    0x20  motorcontrol.o [1]
  .text              ro code   0x800'5c28    0x1e  cmain.o [4]
  .text              ro code   0x800'5c46     0x4  low_level_init.o [2]
  .text              ro code   0x800'5c4a     0x4  exit.o [2]
  .text              ro code   0x800'5c50     0xa  cexit.o [4]
  .text              ro code   0x800'5c5c    0x14  exit.o [5]
  .text              ro code   0x800'5c70    0x10  dac_ui.o [1]
  .text              ro code   0x800'5c80    0x10  startup_stm32f302x8.o [1]
  .text              ro code   0x800'5c90     0xc  cstartup_M.o [4]
  .text              ro code   0x800'5c9c     0xa  sto_pll_speed_pos_fdbk.o [1]
  .rodata            const     0x800'5ca8     0x8  system_stm32f3xx.o [1]
  .text              ro code   0x800'5cb0     0x8  dac_common_ui.o [1]
  .text              ro code   0x800'5cb8     0x8  dac_common_ui.o [1]
  .text              ro code   0x800'5cc0     0x8  dac_common_ui.o [1]
  .text              ro code   0x800'5cc8     0x8  sto_pll_speed_pos_fdbk.o [1]
  .text              ro code   0x800'5cd0     0x8  usart_frame_communication_protocol.o [1]
  .text              ro code   0x800'5cd8     0x4  motor_control_protocol.o [1]
  .text              ro code   0x800'5cdc     0x4  motor_control_protocol.o [1]
  .text              ro code   0x800'5ce0     0x4  startup_stm32f302x8.o [1]
  .text              ro code   0x800'5ce4     0x4  startup_stm32f302x8.o [1]
  .text              ro code   0x800'5ce8     0x4  startup_stm32f302x8.o [1]
  .text              ro code   0x800'5cec     0x4  startup_stm32f302x8.o [1]
  .text              ro code   0x800'5cf0     0x4  startup_stm32f302x8.o [1]
  .text              ro code   0x800'5cf4     0x4  startup_stm32f302x8.o [1]
  .text              ro code   0x800'5cf8     0x4  startup_stm32f302x8.o [1]
  .text              ro code   0x800'5cfc     0x4  startup_stm32f302x8.o [1]
  .text              ro code   0x800'5d00     0x4  startup_stm32f302x8.o [1]
  .text              ro code   0x800'5d04     0x4  startup_stm32f302x8.o [1]
  .text              ro code   0x800'5d08     0x4  startup_stm32f302x8.o [1]
  .text              ro code   0x800'5d0c     0x4  startup_stm32f302x8.o [1]
  .text              ro code   0x800'5d10     0x4  startup_stm32f302x8.o [1]
  .text              ro code   0x800'5d14     0x4  startup_stm32f302x8.o [1]
  .text              ro code   0x800'5d18     0x4  startup_stm32f302x8.o [1]
  .text              ro code   0x800'5d1c     0x4  startup_stm32f302x8.o [1]
  .text              ro code   0x800'5d20     0x4  startup_stm32f302x8.o [1]
  .text              ro code   0x800'5d24     0x4  startup_stm32f302x8.o [1]
  .text              ro code   0x800'5d28     0x4  startup_stm32f302x8.o [1]
  .text              ro code   0x800'5d2c     0x4  startup_stm32f302x8.o [1]
  .text              ro code   0x800'5d30     0x4  startup_stm32f302x8.o [1]
  .text              ro code   0x800'5d34     0x4  startup_stm32f302x8.o [1]
  .text              ro code   0x800'5d38     0x4  startup_stm32f302x8.o [1]
  .text              ro code   0x800'5d3c     0x4  startup_stm32f302x8.o [1]
  .text              ro code   0x800'5d40     0x4  startup_stm32f302x8.o [1]
  .text              ro code   0x800'5d44     0x4  startup_stm32f302x8.o [1]
  .text              ro code   0x800'5d48     0x4  startup_stm32f302x8.o [1]
  .text              ro code   0x800'5d4c     0x4  startup_stm32f302x8.o [1]
  .text              ro code   0x800'5d50     0x4  startup_stm32f302x8.o [1]
  .text              ro code   0x800'5d54     0x4  startup_stm32f302x8.o [1]
  .text              ro code   0x800'5d58     0x4  startup_stm32f302x8.o [1]
  .text              ro code   0x800'5d5c     0x4  startup_stm32f302x8.o [1]
  .text              ro code   0x800'5d60     0x4  startup_stm32f302x8.o [1]
  .text              ro code   0x800'5d64     0x4  startup_stm32f302x8.o [1]
  .text              ro code   0x800'5d68     0x4  startup_stm32f302x8.o [1]
  .text              ro code   0x800'5d6c     0x4  startup_stm32f302x8.o [1]
  .text              ro code   0x800'5d70     0x4  startup_stm32f302x8.o [1]
  .text              ro code   0x800'5d74     0x4  startup_stm32f302x8.o [1]
  .text              ro code   0x800'5d78     0x4  startup_stm32f302x8.o [1]
  .text              ro code   0x800'5d7c     0x4  startup_stm32f302x8.o [1]
  .text              ro code   0x800'5d80     0x4  startup_stm32f302x8.o [1]
  .text              ro code   0x800'5d84     0x4  startup_stm32f302x8.o [1]
  .text              ro code   0x800'5d88     0x4  startup_stm32f302x8.o [1]
  .text              ro code   0x800'5d8c     0x4  startup_stm32f302x8.o [1]
  .text              ro code   0x800'5d90     0x4  startup_stm32f302x8.o [1]
  .text              ro code   0x800'5d94     0x4  startup_stm32f302x8.o [1]
  .text              ro code   0x800'5d98     0x4  startup_stm32f302x8.o [1]
  .text              ro code   0x800'5d9c     0x4  startup_stm32f302x8.o [1]
  .text              ro code   0x800'5da0     0x4  startup_stm32f302x8.o [1]
  .text              ro code   0x800'5da4     0x4  startup_stm32f302x8.o [1]
  .text              ro code   0x800'5da8     0x4  startup_stm32f302x8.o [1]
  .text              ro code   0x800'5dac     0x4  startup_stm32f302x8.o [1]
  .text              ro code   0x800'5db0     0x4  startup_stm32f302x8.o [1]
  .rodata            const     0x800'5db4     0x0  zero_init3.o [4]
  .rodata            const     0x800'5db4     0x0  lz77_init_single.o [4]
  Initializer bytes  const     0x800'5db4   0x250  <for P2-1>
                             - 0x800'6004  0x5e7c

"P2", part 1 of 3:                          0x737
  P2-1                        0x2000'0000   0x737  <Init block>
    .data            inited   0x2000'0000   0x114  mc_config.o [1]
    .data            inited   0x2000'0114    0x2c  mc_config.o [1]
    .data            inited   0x2000'0140    0x2c  mc_config.o [1]
    .data            inited   0x2000'016c    0x2c  mc_config.o [1]
    .data            inited   0x2000'0198    0x34  mc_config.o [1]
    .data            inited   0x2000'01cc    0x78  mc_config.o [1]
    .data            inited   0x2000'0244    0x78  mc_config.o [1]
    .data            inited   0x2000'02bc    0x38  mc_config.o [1]
    .data            inited   0x2000'02f4   0x128  mc_config.o [1]
    .data            inited   0x2000'041c    0x14  mc_config.o [1]
    .data            inited   0x2000'0430    0x14  mc_config.o [1]
    .data            inited   0x2000'0444    0x28  mc_config.o [1]
    .data            inited   0x2000'046c    0x28  mc_config.o [1]
    .data            inited   0x2000'0494    0x30  mc_config.o [1]
    .data            inited   0x2000'04c4    0x3c  mc_config.o [1]
    .data            inited   0x2000'0500    0x18  mc_config.o [1]
    .data            inited   0x2000'0518    0xb4  mc_config.o [1]
    .data            inited   0x2000'05cc     0xc  mc_config.o [1]
    .data            inited   0x2000'05d8   0x13c  mc_config.o [1]
    .data            inited   0x2000'0714     0xc  motorcontrol.o [1]
    .data            inited   0x2000'0720     0xc  stm32f3xx_hal.o [1]
    .data            inited   0x2000'072c     0x4  system_stm32f3xx.o [1]
    .data            inited   0x2000'0730     0x6  ui_task.o [1]
    .data            inited   0x2000'0736     0x1  stm32f30x_mc_it.o [1]
                            - 0x2000'0737   0x737

"P2", part 2 of 3:                          0x1f0
  .bss               zero     0x2000'0738    0xd4  mc_tasks.o [1]
  .bss               zero     0x2000'080c    0xd4  ui_task.o [1]
  .bss               zero     0x2000'08e0    0x34  regular_conversion_manager.o [1]
  .bss               zero     0x2000'0914     0xc  mc_config.o [1]
  .bss               zero     0x2000'0920     0x8  motor_control_protocol.o [1]
                            - 0x2000'0928   0x1f0

"P2", part 3 of 3:                          0x400
  CSTACK                      0x2000'0928   0x400  <Block>
    CSTACK           uninit   0x2000'0928   0x400  <Block tail>
                            - 0x2000'0d28   0x400

Unused ranges:

         From           To    Size
         ----           --    ----
   0x800'6004   0x800'ffff  0x9ffc
  0x2000'0737  0x2000'0737     0x1
  0x2000'0d28  0x2000'3fff  0x32d8


*******************************************************************************
*** INIT TABLE
***

          Address      Size
          -------      ----
Zero (__iar_zero_init3)
    1 destination range, total size 0x1f0:
          0x2000'0738  0x1f0

Copy/lz77 (__iar_lz77_init_single3)
    1 source range, total size 0x250 (32% of destination):
           0x800'5db4  0x250
    1 destination range, total size 0x737:
          0x2000'0000  0x737



*******************************************************************************
*** MODULE SUMMARY
***

    Module                                ro code  ro data  rw data
    ------                                -------  -------  -------
command line/config:
    ---------------------------------------------------------------
    Total:

C:\Users\100001305\Documents\GitHub\gmi_us\motor_drive\gmi_motor_drive\EWARM\gmi_motor_drive\Obj: [1]
    bus_voltage_sensor.o                       20
    circle_limitation.o                        86
    dac_common_ui.o                            34
    dac_ui.o                                   64
    digital_output.o                           38
    frame_communication_protocol.o            156
    inrush_current_limiter.o                  164
    main.o                                  1'808
    mc_config.o                                        580    1'824
    mc_interface.o                            454
    mc_math.o                                 410      512
    mc_parameters.o                                    132
    mc_tasks.o                              2'302        2      212
    motor_control_protocol.o                1'578                 8
    motor_power_measurement.o                 124
    motorcontrol.o                             68       36       12
    ntc_temperature_sensor.o                  168
    pid_regulator.o                           190
    pqd_motor_power_measurement.o             120
    pwm_common.o                              166
    pwm_curr_fdbk.o                           498
    r3_1_f30x_pwm_curr_fdbk.o               2'906
    r_divider_bus_voltage_sensor.o            374
    ramp_ext_mngr.o                           240
    regular_conversion_manager.o              428                52
    revup_ctrl.o                              442
    speed_pos_fdbk.o                          126
    speed_torq_ctrl.o                         390
    startup_stm32f302x8.o                     620
    state_machine.o                           314
    stm32f30x_mc_it.o                         332        1        1
    stm32f3xx_hal.o                           128        4       12
    stm32f3xx_hal_cortex.o                    178
    stm32f3xx_hal_msp.o                        52
    stm32f3xx_hal_rcc.o                        12
    stm32f3xx_ll_adc.o                        242
    stm32f3xx_ll_dac.o                         86
    stm32f3xx_ll_gpio.o                       278
    stm32f3xx_ll_rcc.o                        348
    stm32f3xx_ll_tim.o                        956
    stm32f3xx_ll_usart.o                      184
    stm32f3xx_ll_utils.o                       12
    sto_pll_speed_pos_fdbk.o                1'700
    system_stm32f3xx.o                         44        9        4
    ui_task.o                                 320        2      218
    usart_frame_communication_protocol.o      534        6
    user_interface.o                        2'560
    virtual_speed_sensor.o                    518
    ---------------------------------------------------------------
    Total:                                 22'772    1'284    2'343

dl7M_tln.a: [2]
    exit.o                                      4
    low_level_init.o                            4
    ---------------------------------------------------------------
    Total:                                      8

m7M_tls.a: [3]
    fpinit_M.o                                 34
    ---------------------------------------------------------------
    Total:                                     34

rt7M_tl.a: [4]
    ABImemclr.o                                 6
    ABImemset.o                               102
    cexit.o                                    10
    cmain.o                                    30
    cstartup_M.o                               12
    data_init.o                                40
    lz77_init_single.o                        120
    memset.o                                   20
    zero_init3.o                               58
    ---------------------------------------------------------------
    Total:                                    398

shb_l.a: [5]
    exit.o                                     20
    ---------------------------------------------------------------
    Total:                                     20

    Gaps                                       24        8
    Linker created                                      32    1'024
-------------------------------------------------------------------
    Grand Total:                           23'256    1'324    3'367


*******************************************************************************
*** ENTRY LIST
***

Entry                       Address   Size  Type      Object
-----                       -------   ----  ----      ------
.iar.init_table$$Base    0x800'5be8          --   Gb  - Linker created -
.iar.init_table$$Limit   0x800'5c08          --   Gb  - Linker created -
?main                    0x800'5c29         Code  Gb  cmain.o [4]
ADC1_IRQHandler          0x800'4fdd   0x1a  Code  Gb  stm32f30x_mc_it.o [1]
AHBPrescTable            0x800'5b64   0x10  Data  Gb  system_stm32f3xx.o [1]
APBPrescTable            0x800'5ca8    0x8  Data  Gb  system_stm32f3xx.o [1]
CSTACK$$Base            0x2000'0928          --   Gb  - Linker created -
CSTACK$$Limit           0x2000'0d28          --   Gb  - Linker created -
CircleLimitationM1      0x2000'0518   0xb4  Data  Gb  mc_config.o [1]
Circle_Limitation        0x800'5595   0x56  Code  Wk  circle_limitation.o [1]
DAC_Exec                 0x800'5b19   0x30  Code  Wk  dac_ui.o [1]
DAC_GetChannelConfig     0x800'5cb9    0x8  Code  Wk  dac_common_ui.o [1]
DAC_GetUserChannelValue
                         0x800'0b93    0xa  Code  Wk  dac_common_ui.o [1]
DAC_Init                 0x800'5c71   0x10  Code  Wk  dac_ui.o [1]
DAC_SetChannelConfig     0x800'5cb1    0x8  Code  Wk  dac_common_ui.o [1]
DAC_SetUserChannelValue
                         0x800'5cc1    0x8  Code  Wk  dac_common_ui.o [1]
DAC_UI_Params           0x2000'04c4   0x3c  Data  Gb  mc_config.o [1]
DOUT_SetOutputState      0x800'1d57   0x26  Code  Wk  digital_output.o [1]
FCP_CalcCRC              0x800'571f   0x5c  Code  Wk  frame_communication_protocol.o [1]
FCP_Init                 0x800'225d   0x2a  Code  Wk  frame_communication_protocol.o [1]
FCP_SetClient            0x800'2287   0x16  Code  Wk  frame_communication_protocol.o [1]
FOCVars                 0x2000'0738   0x28  Data  Gb  mc_tasks.o [1]
HAL_IncTick              0x800'54fd   0x10  Code  Wk  stm32f3xx_hal.o [1]
HAL_Init                 0x800'0899   0x24  Code  Gb  stm32f3xx_hal.o [1]
HAL_InitTick             0x800'1061   0x48  Code  Wk  stm32f3xx_hal.o [1]
HAL_MspInit              0x800'1165   0x34  Code  Gb  stm32f3xx_hal_msp.o [1]
HAL_NVIC_SetPriority     0x800'10c3   0x5a  Code  Gb  stm32f3xx_hal_cortex.o [1]
HAL_NVIC_SetPriorityGrouping
                         0x800'10a9   0x1a  Code  Gb  stm32f3xx_hal_cortex.o [1]
HAL_RCC_GetHCLKFreq      0x800'1365    0x6  Code  Gb  stm32f3xx_hal_rcc.o [1]
HAL_SYSTICK_Config       0x800'111d   0x22  Code  Gb  stm32f3xx_hal_cortex.o [1]
HAL_SYSTICK_IRQHandler   0x800'1155    0x4  Code  Gb  stm32f3xx_hal_cortex.o [1]
HardFault_Handler        0x800'5095   0x60  Code  Gb  stm32f30x_mc_it.o [1]
ICLDOUTParamsM1         0x2000'05cc    0xc  Data  Gb  mc_config.o [1]
ICL_Exec                 0x800'3ef5   0x64  Code  Wk  inrush_current_limiter.o [1]
ICL_Init                 0x800'1d7d   0x40  Code  Wk  inrush_current_limiter.o [1]
ICL_M1                  0x2000'0430   0x14  Data  Gb  mc_config.o [1]
LL_ADC_CommonInit        0x800'0a25   0x20  Code  Gb  stm32f3xx_ll_adc.o [1]
LL_ADC_INJ_Init          0x800'0ad1   0x46  Code  Gb  stm32f3xx_ll_adc.o [1]
LL_ADC_Init              0x800'0a45   0x2a  Code  Gb  stm32f3xx_ll_adc.o [1]
LL_ADC_REG_Init          0x800'0a6f   0x52  Code  Gb  stm32f3xx_ll_adc.o [1]
LL_DAC_Init              0x800'0b3d   0x56  Code  Gb  stm32f3xx_ll_dac.o [1]
LL_GPIO_Init             0x800'08d5  0x116  Code  Gb  stm32f3xx_ll_gpio.o [1]
LL_RCC_GetSystemClocksFreq
                         0x800'1209   0x7e  Code  Gb  stm32f3xx_ll_rcc.o [1]
LL_RCC_GetUSARTClockFreq
                         0x800'1287   0xc6  Code  Gb  stm32f3xx_ll_rcc.o [1]
LL_SetSystemCoreClock    0x800'1055    0x6  Code  Gb  stm32f3xx_ll_utils.o [1]
LL_TIM_BDTR_Init         0x800'0ed5   0x64  Code  Gb  stm32f3xx_ll_tim.o [1]
LL_TIM_Init              0x800'0b9d   0x7c  Code  Gb  stm32f3xx_ll_tim.o [1]
LL_TIM_OC_Init           0x800'0c19  0x2bc  Code  Gb  stm32f3xx_ll_tim.o [1]
LL_USART_Init            0x800'0f59   0xa6  Code  Gb  stm32f3xx_ll_usart.o [1]
MCI_Clear_Iqdref         0x800'3bf1   0x10  Code  Wk  mc_interface.o [1]
MCI_EncoderAlign         0x800'3be9    0x8  Code  Wk  mc_interface.o [1]
MCI_ExecBufferedCommands
                         0x800'4661   0x6a  Code  Wk  mc_interface.o [1]
MCI_ExecSpeedRamp        0x800'1d49    0xe  Code  Wk  mc_interface.o [1]
MCI_ExecTorqueRamp       0x800'39d1   0x12  Code  Wk  mc_interface.o [1]
MCI_FaultAcknowledged    0x800'3be3    0x6  Code  Wk  mc_interface.o [1]
MCI_GetAvrgMecSpeedUnit
                         0x800'3abf   0x14  Code  Wk  mc_interface.o [1]
MCI_GetControlMode       0x800'3ad3    0x4  Code  Wk  mc_interface.o [1]
MCI_GetIab               0x800'3b7f    0xe  Code  Wk  mc_interface.o [1]
MCI_GetIalphabeta        0x800'3b8d    0xe  Code  Wk  mc_interface.o [1]
MCI_GetImposedMotorDirection
                         0x800'4195   0x2e  Code  Wk  mc_interface.o [1]
MCI_GetIqd               0x800'3b6b    0xe  Code  Wk  mc_interface.o [1]
MCI_GetIqdref            0x800'39e9    0xe  Code  Wk  mc_interface.o [1]
MCI_GetLastRampFinalSpeed
                         0x800'3ad7   0x10  Code  Wk  mc_interface.o [1]
MCI_GetMecSpeedRefUnit   0x800'39e3    0x6  Code  Wk  mc_interface.o [1]
MCI_GetSTMState          0x800'3bbb    0x6  Code  Wk  mc_interface.o [1]
MCI_GetTeref             0x800'39c9    0x8  Code  Wk  mc_interface.o [1]
MCI_GetValphabeta        0x800'3bab   0x10  Code  Wk  mc_interface.o [1]
MCI_GetVqd               0x800'3b9b   0x10  Code  Wk  mc_interface.o [1]
MCI_Init                 0x800'1d2f   0x14  Code  Wk  mc_interface.o [1]
MCI_SetCurrentReferences
                         0x800'39f7   0x1e  Code  Wk  mc_interface.o [1]
MCI_SetIdref             0x800'3a6f    0x8  Code  Wk  mc_interface.o [1]
MCI_StartMotor           0x800'3bc7   0x14  Code  Wk  mc_interface.o [1]
MCI_StopMotor            0x800'3bdb    0x8  Code  Wk  mc_interface.o [1]
MCI_StopRamp             0x800'3bc1    0x6  Code  Wk  mc_interface.o [1]
MCM_Clarke               0x800'554d   0x48  Code  Wk  mc_math.o [1]
MCM_Park                 0x800'4535   0x68  Code  Wk  mc_math.o [1]
MCM_Rev_Park             0x800'55eb   0x3e  Code  Wk  mc_math.o [1]
MCM_Trig_Functions       0x800'4971   0xac  Code  Wk  mc_math.o [1]
MCP_Init                 0x800'1eed   0x48  Code  Wk  motor_control_protocol.o [1]
MCP_UI_Params           0x2000'080c   0xcc  Data  Gb  ui_task.o [1]
MCT                     0x2000'0760   0x54  Data  Gb  mc_tasks.o [1]
MC_RunMotorControlTasks
                         0x800'550d   0x28  Code  Wk  mc_tasks.o [1]
MC_Scheduler             0x800'5315   0x50  Code  Wk  mc_tasks.o [1]
MCboot                   0x800'1371  0x1f0  Code  Wk  mc_tasks.o [1]
MPInfo                  0x2000'0920    0x8  Data  Gb  motor_control_protocol.o [1]
MPM_CalcElMotorPower     0x800'4761   0x5e  Code  Wk  motor_power_measurement.o [1]
MPM_Clear                0x800'46cb   0x18  Code  Wk  motor_power_measurement.o [1]
MPM_GetAvrgElMotorPowerW
                         0x800'3b5b    0x6  Code  Wk  motor_power_measurement.o [1]
MX_MotorControl_Init     0x800'1011   0x44  Code  Wk  motorcontrol.o [1]
Mci                     0x2000'07f0   0x1c  Data  Gb  mc_tasks.o [1]
NTC_CalcAvTemp           0x800'58c5   0x3c  Code  Wk  ntc_temperature_sensor.o [1]
NTC_GetAvTemp_C          0x800'3a99   0x26  Code  Wk  ntc_temperature_sensor.o [1]
NTC_Init                 0x800'1c37   0x26  Code  Wk  ntc_temperature_sensor.o [1]
PIDIdHandle_M1          0x2000'016c   0x2c  Data  Gb  mc_config.o [1]
PIDIqHandle_M1          0x2000'0140   0x2c  Data  Gb  mc_config.o [1]
PIDSpeedHandle_M1       0x2000'0114   0x2c  Data  Gb  mc_config.o [1]
PID_GetKD                0x800'3afb    0x6  Code  Wk  pid_regulator.o [1]
PID_GetKI                0x800'3af5    0x6  Code  Wk  pid_regulator.o [1]
PID_GetKIDivisor         0x800'3aeb    0x4  Code  Wk  pid_regulator.o [1]
PID_GetKP                0x800'3aef    0x6  Code  Wk  pid_regulator.o [1]
PID_GetKPDivisor         0x800'3ae7    0x4  Code  Wk  pid_regulator.o [1]
PID_HandleInit           0x800'1ae9   0x14  Code  Wk  pid_regulator.o [1]
PID_SetIntegralTerm      0x800'221b    0x4  Code  Wk  pid_regulator.o [1]
PID_SetKD                0x800'3a1d    0x4  Code  Wk  pid_regulator.o [1]
PID_SetKI                0x800'3a19    0x4  Code  Wk  pid_regulator.o [1]
PID_SetKP                0x800'3a15    0x4  Code  Wk  pid_regulator.o [1]
PI_Controller            0x800'48f1   0x80  Code  Wk  pid_regulator.o [1]
PQD_CalcElMotorPower     0x800'411d   0x78  Code  Wk  pqd_motor_power_measurement.o [1]
PQD_MotorPowMeasM1      0x2000'0000  0x114  Data  Gb  mc_config.o [1]
PWMC_CheckOverCurrent    0x800'5901    0x4  Code  Wk  pwm_curr_fdbk.o [1]
PWMC_CurrentReadingCalibr
                         0x800'42c9   0x40  Code  Wk  pwm_curr_fdbk.o [1]
PWMC_GetPhaseCurrents    0x800'5547    0x4  Code  Wk  pwm_curr_fdbk.o [1]
PWMC_SetPhaseVoltage     0x800'4e37  0x1a6  Code  Wk  pwm_curr_fdbk.o [1]
PWMC_SwitchOffPWM        0x800'222f    0x4  Code  Wk  pwm_curr_fdbk.o [1]
PWM_Handle_M1           0x2000'0244   0x78  Data  Gb  mc_config.o [1]
R3_1_BRK2_IRQHandler     0x800'52e1   0x34  Code  Wk  r3_1_f30x_pwm_curr_fdbk.o [1]
R3_1_BRK_IRQHandler      0x800'52c7   0x1a  Code  Wk  r3_1_f30x_pwm_curr_fdbk.o [1]
R3_1_CurrentReadingPolarization
                         0x800'22b9  0x126  Code  Gb  r3_1_f30x_pwm_curr_fdbk.o [1]
R3_1_GetPhaseCurrents    0x800'281d   0xf8  Code  Wk  r3_1_f30x_pwm_curr_fdbk.o [1]
R3_1_HFCurrentsPolarizationAB
                         0x800'2475   0x46  Code  Lc  r3_1_f30x_pwm_curr_fdbk.o [1]
R3_1_HFCurrentsPolarizationC
                         0x800'24bd   0x3c  Code  Lc  r3_1_f30x_pwm_curr_fdbk.o [1]
R3_1_Init                0x800'1779  0x30c  Code  Wk  r3_1_f30x_pwm_curr_fdbk.o [1]
R3_1_IsOverCurrentOccurred
                         0x800'5b75   0x28  Code  Wk  r3_1_f30x_pwm_curr_fdbk.o [1]
R3_1_ParamsM1            0x800'5a1c   0x84  Data  Gb  mc_parameters.o [1]
R3_1_RLDetectionModeDisable
                         0x800'25ad   0xf4  Code  Gb  r3_1_f30x_pwm_curr_fdbk.o [1]
R3_1_RLDetectionModeEnable
                         0x800'24f9   0xb4  Code  Gb  r3_1_f30x_pwm_curr_fdbk.o [1]
R3_1_RLDetectionModeSetDuty
                         0x800'26a1   0x36  Code  Gb  r3_1_f30x_pwm_curr_fdbk.o [1]
R3_1_RLGetPhaseCurrents
                         0x800'26d9   0x36  Code  Lc  r3_1_f30x_pwm_curr_fdbk.o [1]
R3_1_RLSwitchOnPWM       0x800'2759   0xa0  Code  Lc  r3_1_f30x_pwm_curr_fdbk.o [1]
R3_1_RLTurnOnLowSides    0x800'2711   0x48  Code  Lc  r3_1_f30x_pwm_curr_fdbk.o [1]
R3_1_SetADCSampPointPolarization
                         0x800'23e1   0x12  Code  Gb  r3_1_f30x_pwm_curr_fdbk.o [1]
R3_1_SetADCSampPointSectX
                         0x800'23f5   0x58  Code  Gb  r3_1_f30x_pwm_curr_fdbk.o [1]
R3_1_SwitchOffPWM        0x800'29f7   0x58  Code  Wk  r3_1_f30x_pwm_curr_fdbk.o [1]
R3_1_SwitchOnPWM         0x800'2915   0xa0  Code  Wk  r3_1_f30x_pwm_curr_fdbk.o [1]
R3_1_TIMx_UP_IRQHandler
                         0x800'5299   0x2e  Code  Wk  r3_1_f30x_pwm_curr_fdbk.o [1]
R3_1_TurnOnLowSides      0x800'4251   0x56  Code  Wk  r3_1_f30x_pwm_curr_fdbk.o [1]
R3_1_WriteTIMRegisters   0x800'244d   0x26  Code  Lc  r3_1_f30x_pwm_curr_fdbk.o [1]
RCM_CB_array            0x2000'08e0   0x20  Data  Gb  regular_conversion_manager.o [1]
RCM_ExecRegularConv      0x800'20f7   0x66  Code  Gb  regular_conversion_manager.o [1]
RCM_ExecUserConv         0x800'215d   0x4a  Code  Gb  regular_conversion_manager.o [1]
RCM_RegisterRegConv      0x800'2009   0xee  Code  Gb  regular_conversion_manager.o [1]
RCM_UserConvHandle      0x2000'0900    0x1  Data  Gb  regular_conversion_manager.o [1]
RCM_UserConvState       0x2000'0901    0x1  Data  Gb  regular_conversion_manager.o [1]
RCM_UserConvValue       0x2000'0902    0x2  Data  Gb  regular_conversion_manager.o [1]
RCM_handle_array        0x2000'0904   0x10  Data  Gb  regular_conversion_manager.o [1]
REMNG_Calc               0x800'1c6d   0x26  Code  Wk  ramp_ext_mngr.o [1]
REMNG_ExecRamp           0x800'459d   0x84  Code  Wk  ramp_ext_mngr.o [1]
REMNG_Init               0x800'1c5d   0x10  Code  Gb  ramp_ext_mngr.o [1]
REMNG_RampCompleted      0x800'5535    0xc  Code  Wk  ramp_ext_mngr.o [1]
RUC_Clear                0x800'41c5   0x8c  Code  Wk  revup_ctrl.o [1]
RUC_Exec                 0x800'430d   0x70  Code  Wk  revup_ctrl.o [1]
RUC_FirstAccelerationStageReached
                         0x800'445b   0x14  Code  Wk  revup_ctrl.o [1]
RUC_GetNumberOfPhases    0x800'3b79    0x6  Code  Wk  revup_ctrl.o [1]
RUC_GetPhaseDurationms   0x800'3c01    0xc  Code  Wk  revup_ctrl.o [1]
RUC_GetPhaseFinalMecSpeedUnit
                         0x800'3c0d    0xe  Code  Wk  revup_ctrl.o [1]
RUC_GetPhaseFinalTorque
                         0x800'3c1b    0xe  Code  Wk  revup_ctrl.o [1]
RUC_Init                 0x800'1bc5   0x58  Code  Wk  revup_ctrl.o [1]
RUC_SetPhaseDurationms   0x800'3c29    0xc  Code  Wk  revup_ctrl.o [1]
RUC_SetPhaseFinalMecSpeedUnit
                         0x800'3c35    0xc  Code  Wk  revup_ctrl.o [1]
RUC_SetPhaseFinalTorque
                         0x800'3c41    0xc  Code  Wk  revup_ctrl.o [1]
RVBS_CalcAvVbusFilt      0x800'5905   0xe2  Code  Wk  r_divider_bus_voltage_sensor.o [1]
RVBS_Init                0x800'1c1d   0x1a  Code  Wk  r_divider_bus_voltage_sensor.o [1]
RampExtMngrHFParamsM1   0x2000'0500   0x18  Data  Gb  mc_config.o [1]
RealBusVoltageSensorFilterBufferM1
                        0x2000'0914    0xc  Data  Gb  mc_config.o [1]
RealBusVoltageSensorParamsM1
                        0x2000'046c   0x28  Data  Gb  mc_config.o [1]
Region$$Table$$Base      0x800'5be8          --   Gb  - Linker created -
Region$$Table$$Limit     0x800'5c08          --   Gb  - Linker created -
RevUpControlM1          0x2000'01cc   0x78  Data  Gb  mc_config.o [1]
SPD_GetAvrgMecSpeedUnit
                         0x800'3c5d    0x6  Code  Wk  speed_pos_fdbk.o [1]
SPD_GetElAngle           0x800'3b01    0x6  Code  Wk  speed_pos_fdbk.o [1]
SPD_GetInstElSpeedDpp    0x800'5541    0x6  Code  Wk  speed_pos_fdbk.o [1]
SPD_GetS16Speed          0x800'3b07   0x14  Code  Wk  speed_pos_fdbk.o [1]
SPD_IsMecSpeedReliable   0x800'4709   0x58  Code  Wk  speed_pos_fdbk.o [1]
STC_CalcTorqueReference
                         0x800'437d   0x58  Code  Wk  speed_torq_ctrl.o [1]
STC_Clear                0x800'221f   0x10  Code  Wk  speed_torq_ctrl.o [1]
STC_ExecRamp             0x800'47d5   0x94  Code  Wk  speed_torq_ctrl.o [1]
STC_ForceSpeedReferenceToCurrentSpeed
                         0x800'4651   0x10  Code  Wk  speed_torq_ctrl.o [1]
STC_GetDefaultIqdref     0x800'1d19   0x16  Code  Wk  speed_torq_ctrl.o [1]
STC_GetMaxAppPositiveMecSpeedUnit
                         0x800'3b61    0x4  Code  Wk  speed_torq_ctrl.o [1]
STC_GetMecSpeedRefUnit   0x800'3c4d    0xc  Code  Wk  speed_torq_ctrl.o [1]
STC_GetMecSpeedRefUnitDefault
                         0x800'1d43    0x6  Code  Wk  speed_torq_ctrl.o [1]
STC_GetMinAppNegativeMecSpeedUnit
                         0x800'3b65    0x6  Code  Wk  speed_torq_ctrl.o [1]
STC_GetSpeedSensor       0x800'3c59    0x4  Code  Wk  speed_torq_ctrl.o [1]
STC_Init                 0x800'1b9d   0x24  Code  Wk  speed_torq_ctrl.o [1]
STC_SetControlMode       0x800'47bf    0x8  Code  Wk  speed_torq_ctrl.o [1]
STC_SetSpeedSensor       0x800'4309    0x4  Code  Wk  speed_torq_ctrl.o [1]
STC_StopRamp             0x800'3c63    0x8  Code  Wk  speed_torq_ctrl.o [1]
STM                     0x2000'07c0    0x8  Data  Gb  mc_tasks.o [1]
STM_FaultAcknowledged    0x800'3c6b   0x16  Code  Wk  state_machine.o [1]
STM_FaultProcessing      0x800'2233   0x2a  Code  Wk  state_machine.o [1]
STM_GetFaultState        0x800'3a7d    0xc  Code  Wk  state_machine.o [1]
STM_GetState             0x800'3a89    0x4  Code  Wk  state_machine.o [1]
STM_Init                 0x800'1769    0xa  Code  Wk  state_machine.o [1]
STM_NextState            0x800'1dbd   0xe0  Code  Wk  state_machine.o [1]
STO_GetPLLGains          0x800'3a31   0x1e  Code  Wk  sto_pll_speed_pos_fdbk.o [1]
STO_M1                  0x2000'041c   0x14  Data  Gb  mc_config.o [1]
STO_OTF_ResetPLL         0x800'5c9d    0xa  Code  Wk  sto_pll_speed_pos_fdbk.o [1]
STO_PLL_CalcAvrgElSpeedDpp
                         0x800'562d   0x56  Code  Wk  sto_pll_speed_pos_fdbk.o [1]
STO_PLL_CalcAvrgMecSpeedUnit
                         0x800'3f59  0x1c4  Code  Wk  sto_pll_speed_pos_fdbk.o [1]
STO_PLL_CalcElAngle      0x800'4c55  0x1e2  Code  Wk  sto_pll_speed_pos_fdbk.o [1]
STO_PLL_Clear            0x800'1f35   0xa6  Code  Wk  sto_pll_speed_pos_fdbk.o [1]
STO_PLL_ForceConvergency1
                         0x800'115b    0xa  Code  Wk  sto_pll_speed_pos_fdbk.o [1]
STO_PLL_ForceConvergency2
                         0x800'11ff    0xa  Code  Wk  sto_pll_speed_pos_fdbk.o [1]
STO_PLL_GetEstimatedBemf
                         0x800'3b37   0x18  Code  Wk  sto_pll_speed_pos_fdbk.o [1]
STO_PLL_GetEstimatedBemfLevel
                         0x800'3b4f    0x6  Code  Wk  sto_pll_speed_pos_fdbk.o [1]
STO_PLL_GetEstimatedCurrent
                         0x800'3b1b   0x1c  Code  Wk  sto_pll_speed_pos_fdbk.o [1]
STO_PLL_GetObservedBemfLevel
                         0x800'3b55    0x6  Code  Wk  sto_pll_speed_pos_fdbk.o [1]
STO_PLL_GetObserverGains
                         0x800'3a21    0xa  Code  Wk  sto_pll_speed_pos_fdbk.o [1]
STO_PLL_Init             0x800'1afd   0xa0  Code  Wk  sto_pll_speed_pos_fdbk.o [1]
STO_PLL_IsObserverConverged
                         0x800'446f   0xa6  Code  Wk  sto_pll_speed_pos_fdbk.o [1]
STO_PLL_IsVarianceTight
                         0x800'5cc9    0x8  Code  Wk  sto_pll_speed_pos_fdbk.o [1]
STO_PLL_M1              0x2000'02f4  0x128  Data  Gb  mc_config.o [1]
STO_PLL_SetObserverGains
                         0x800'3a2b    0x6  Code  Wk  sto_pll_speed_pos_fdbk.o [1]
STO_ResetPLL             0x800'5683    0x8  Code  Wk  sto_pll_speed_pos_fdbk.o [1]
STO_SetPLLGains          0x800'3a4f   0x20  Code  Wk  sto_pll_speed_pos_fdbk.o [1]
SpeednTorqCtrlM1        0x2000'0198   0x34  Data  Gb  mc_config.o [1]
SysTick_Handler          0x800'50f5   0x24  Code  Gb  stm32f30x_mc_it.o [1]
SysTick_Handler::SystickDividerCounter
                        0x2000'0736    0x1  Data  Lc  stm32f30x_mc_it.o [1]
SystemClock_Config       0x800'07c9   0xa0  Code  Gb  main.o [1]
SystemCoreClock         0x2000'072c    0x4  Data  Gb  system_stm32f3xx.o [1]
SystemInit               0x800'5b49   0x16  Code  Gb  system_stm32f3xx.o [1]
TIM1_BRK_TIM15_IRQHandler
                         0x800'5005   0x30  Code  Gb  stm32f30x_mc_it.o [1]
TIM1_UP_TIM16_IRQHandler
                         0x800'4ff7    0xe  Code  Gb  stm32f30x_mc_it.o [1]
TSK_HardwareFaultTask    0x800'54dd   0x20  Code  Wk  mc_tasks.o [1]
TSK_HighFrequencyTask    0x800'5129  0x144  Code  Wk  mc_tasks.o [1]
TempSensorParamsM1      0x2000'0444   0x28  Data  Gb  mc_config.o [1]
UFCP_AbortReceive        0x800'5cd1    0x8  Code  Wk  usart_frame_communication_protocol.o [1]
UFCP_Init                0x800'1ee9    0x4  Code  Wk  usart_frame_communication_protocol.o [1]
UFCP_OVR_IRQ_Handler     0x800'54c5   0x18  Code  Wk  usart_frame_communication_protocol.o [1]
UFCP_RX_IRQ_Handler      0x800'5365   0xe4  Code  Wk  usart_frame_communication_protocol.o [1]
UFCP_Receive             0x800'0b17   0x26  Code  Wk  usart_frame_communication_protocol.o [1]
UFCP_Send                0x800'577d   0x84  Code  Wk  usart_frame_communication_protocol.o [1]
UFCP_TX_IRQ_Handler      0x800'5461   0x64  Code  Wk  usart_frame_communication_protocol.o [1]
UFCP_Usart_Timeout_none
                         0x800'1772    0x2  Data  Lc  usart_frame_communication_protocol.o [1]
UFCP_Usart_Timeout_start
                         0x800'1774    0x2  Data  Lc  usart_frame_communication_protocol.o [1]
UFCP_Usart_Timeout_stop
                         0x800'1776    0x2  Data  Lc  usart_frame_communication_protocol.o [1]
UI_DACExec               0x800'1ec1    0xa  Code  Gb  user_interface.o [1]
UI_DACInit               0x800'1eb7    0xa  Code  Wk  user_interface.o [1]
UI_DACUpdate             0x800'526d   0x2c  Code  Wk  ui_task.o [1]
UI_ExecCmd               0x800'3825   0x92  Code  Wk  user_interface.o [1]
UI_ExecSpeedRamp         0x800'38b9   0x34  Code  Wk  user_interface.o [1]
UI_ExecTorqueRamp        0x800'38ed   0x14  Code  Wk  user_interface.o [1]
UI_GetDAC                0x800'1ed5   0x14  Code  Wk  user_interface.o [1]
UI_GetMPInfo             0x800'39a7    0x4  Code  Wk  user_interface.o [1]
UI_GetReg                0x800'32b5  0x570  Code  Wk  user_interface.o [1]
UI_GetRevupData          0x800'3901   0x50  Code  Wk  user_interface.o [1]
UI_GetSelectedMC         0x800'3a77    0x6  Code  Wk  user_interface.o [1]
UI_Init                  0x800'1e9d   0x1a  Code  Wk  user_interface.o [1]
UI_Params               0x2000'0494   0x30  Data  Gb  mc_config.o [1]
UI_Scheduler             0x800'173d   0x2c  Code  Wk  ui_task.o [1]
UI_SerialCommunicationTimeOutStart
                         0x800'5449    0xc  Code  Wk  ui_task.o [1]
UI_SerialCommunicationTimeOutStop
                         0x800'5455    0xc  Code  Wk  ui_task.o [1]
UI_SetCurrentReferences
                         0x800'398b   0x1c  Code  Wk  user_interface.o [1]
UI_SetDAC                0x800'1ecb    0xa  Code  Gb  user_interface.o [1]
UI_SetReg                0x800'3011  0x2a4  Code  Wk  user_interface.o [1]
UI_SetRevupData          0x800'3951   0x3a  Code  Wk  user_interface.o [1]
UI_TaskInit              0x800'166d   0xd0  Code  Gb  ui_task.o [1]
USART1_IRQHandler        0x800'5035   0x5e  Code  Gb  stm32f30x_mc_it.o [1]
VBS_CheckVbus            0x800'4705    0x4  Code  Wk  bus_voltage_sensor.o [1]
VBS_GetAvBusVoltage_V    0x800'3a8d    0xc  Code  Wk  bus_voltage_sensor.o [1]
VBS_GetAvBusVoltage_d    0x800'5629    0x4  Code  Wk  bus_voltage_sensor.o [1]
VSS_CalcAvrgMecSpeedUnit
                         0x800'43d5   0x86  Code  Wk  virtual_speed_sensor.o [1]
VSS_CalcElAngle          0x800'568b   0x94  Code  Wk  virtual_speed_sensor.o [1]
VSS_Clear                0x800'1fdb   0x2e  Code  Wk  virtual_speed_sensor.o [1]
VSS_Init                 0x800'1bc1    0x4  Code  Wk  virtual_speed_sensor.o [1]
VSS_SetMecAcceleration   0x800'4869   0x88  Code  Wk  virtual_speed_sensor.o [1]
VSS_SetMecAngle          0x800'47c7    0xe  Code  Wk  virtual_speed_sensor.o [1]
VSS_SetStartTransition   0x800'4515   0x1e  Code  Wk  virtual_speed_sensor.o [1]
VSS_TransitionEnded      0x800'4621    0x6  Code  Wk  virtual_speed_sensor.o [1]
VirtualSpeedSensorM1    0x2000'02bc   0x38  Data  Gb  mc_config.o [1]
__aeabi_memclr           0x800'39ad         Code  Gb  ABImemclr.o [4]
__aeabi_memset           0x800'1199         Code  Gb  ABImemset.o [4]
__cmain                  0x800'5c29         Code  Gb  cmain.o [4]
__exit                   0x800'5c5d   0x14  Code  Gb  exit.o [5]
__iar_Memset             0x800'1199         Code  Gb  ABImemset.o [4]
__iar_Memset_word        0x800'11a1         Code  Gb  ABImemset.o [4]
__iar_data_init3         0x800'5b9d   0x28  Code  Gb  data_init.o [4]
__iar_init_vfp           0x800'5bc5         Code  Gb  fpinit_M.o [3]
__iar_lz77_init_single3
                         0x800'5aa1   0x78  Code  Gb  lz77_init_single.o [4]
__iar_program_start      0x800'5c91         Code  Gb  cstartup_M.o [4]
__iar_zero_init3         0x800'09eb   0x3a  Code  Gb  zero_init3.o [4]
__low_level_init         0x800'5c47    0x4  Code  Gb  low_level_init.o [2]
__vector_table           0x800'0000         Data  Gb  startup_stm32f302x8.o [1]
_call_main               0x800'5c35         Code  Gb  cmain.o [4]
_exit                    0x800'5c51         Code  Gb  cexit.o [4]
_main                    0x800'5c43         Code  Gb  cmain.o [4]
bCOMATRTimeCounter      0x2000'0734    0x2  Data  Lc  ui_task.o [1]
bCOMTimeoutCounter      0x2000'0732    0x2  Data  Lc  ui_task.o [1]
bMCBootCompleted        0x2000'07b4    0x1  Data  Gb  mc_tasks.o [1]
bUITaskCounter          0x2000'0730    0x2  Data  Lc  ui_task.o [1]
exit                     0x800'5c4b    0x4  Code  Gb  exit.o [2]
hBootCapDelayCounterM1  0x2000'07b8    0x2  Data  Lc  mc_tasks.o [1]
hMFTaskCounterM1        0x2000'07b6    0x2  Data  Lc  mc_tasks.o [1]
hSin_Cos_Table           0x800'4a54  0x200  Data  Gb  mc_math.o [1]
hStopPermanencyCounterM1
                        0x2000'07ba    0x2  Data  Lc  mc_tasks.o [1]
main                     0x800'0189  0x640  Code  Gb  main.o [1]
mc_lock_pins             0x800'1561  0x10c  Code  Wk  mc_tasks.o [1]
memset                   0x800'08c1   0x14  Code  Gb  memset.o [4]
oMCInterface            0x2000'07bc    0x4  Data  Gb  mc_tasks.o [1]
pBusSensorM1            0x2000'07d8    0x4  Data  Gb  mc_tasks.o [1]
pCLM                    0x2000'07e8    0x4  Data  Gb  mc_tasks.o [1]
pDAC                    0x2000'08d8    0x4  Data  Gb  ui_task.o [1]
pMCI                    0x2000'0714    0x4  Data  Gb  motorcontrol.o [1]
pMCP                    0x2000'08dc    0x4  Data  Gb  ui_task.o [1]
pMCT                    0x2000'0718    0x4  Data  Gb  motorcontrol.o [1]
pMPM                    0x2000'07e4    0x4  Data  Gb  mc_tasks.o [1]
pPIDId                  0x2000'07d4    0x4  Data  Gb  mc_tasks.o [1]
pPIDIq                  0x2000'07d0    0x4  Data  Gb  mc_tasks.o [1]
pPIDSpeed               0x2000'07cc    0x4  Data  Gb  mc_tasks.o [1]
pREMNG                  0x2000'07ec    0x4  Data  Gb  mc_tasks.o [1]
pSTC                    0x2000'07c8    0x4  Data  Gb  mc_tasks.o [1]
pTemperatureSensor      0x2000'07dc    0x4  Data  Gb  mc_tasks.o [1]
pUSART                  0x2000'05d8  0x13c  Data  Gb  mc_config.o [1]
pwmcHandle              0x2000'07e0    0x4  Data  Gb  mc_tasks.o [1]
s_fwVer                  0x800'5c08   0x20  Data  Gb  motorcontrol.o [1]
startTimers              0x800'1a85   0x64  Code  Wk  pwm_common.o [1]
uwTick                  0x2000'0724    0x4  Data  Gb  stm32f3xx_hal.o [1]
uwTickFreq              0x2000'0720    0x1  Data  Gb  stm32f3xx_hal.o [1]
uwTickPrio              0x2000'0728    0x4  Data  Gb  stm32f3xx_hal.o [1]
wConfig                 0x2000'071c    0x4  Data  Gb  motorcontrol.o [1]
waitForPolarizationEnd   0x800'29b5   0x42  Code  Wk  pwm_common.o [1]


[1] = C:\Users\100001305\Documents\GitHub\gmi_us\motor_drive\gmi_motor_drive\EWARM\gmi_motor_drive\Obj
[2] = dl7M_tln.a
[3] = m7M_tls.a
[4] = rt7M_tl.a
[5] = shb_l.a

  23'256 bytes of readonly  code memory
   1'324 bytes of readonly  data memory
   3'367 bytes of readwrite data memory

Errors: none
Warnings: none
